  error - The named parameter 'rating' isn't defined - lib\views\signup\select_doctor_screen.dart:17:9 - undefined_named_parameter
  error - The named parameter 'distance' isn't defined - lib\views\signup\select_doctor_screen.dart:18:9 - undefined_named_parameter
  error - The named parameter 'rating' isn't defined - lib\views\signup\select_doctor_screen.dart:25:9 - undefined_named_parameter
  error - The named parameter 'distance' isn't defined - lib\views\signup\select_doctor_screen.dart:26:9 - undefined_named_parameter
dError
